endpoint id: 057bb1c3b982e78c76006abe3d00665c6809faf095974523fa074c73065400fd
  relay:https://aps1-1.relay.n0.iroh.link./
  ip:198.51.100.20:49360
  ip:192.0.0.8:49360
  ip:[2001:db8::1]:35214
  ip:[2001:db8::2]:35214
ticket (stdout):
waiting for connections, Ctrl-C to stop
accepted bda52bd3e44cd7bbbf31cb773ecabda46896f5fe4941bd6761a34068ae621fb3
closed bda52bd3e44cd7bbbf31cb773ecabda46896f5fe4941bd6761a34068ae621fb3: closed by peer: done (code 0)
accepted 6911fe80fd00efe96f3659298e4f5177095625fd859f5ea3a6fadf75de5a96e3
closed 6911fe80fd00efe96f3659298e4f5177095625fd859f5ea3a6fadf75de5a96e3: closed by peer: done (code 0)
accepted e11bc24395d2ffc679fe16b746fcb23f67583b801637ec38d2ac886779a448b2
closed e11bc24395d2ffc679fe16b746fcb23f67583b801637ec38d2ac886779a448b2: closed by peer: done (code 0)
accepted fe76085ae81e7ef10d5987fe5088455d51ed25bc90c1bf945c107d8f9df2f44c
closed fe76085ae81e7ef10d5987fe5088455d51ed25bc90c1bf945c107d8f9df2f44c: closed by peer: done (code 0)
accepted 2855629cb05a5ef6d26d484123958654934de134c525ae4efde8e3baa4632944
closed 2855629cb05a5ef6d26d484123958654934de134c525ae4efde8e3baa4632944: closed by peer: done (code 0)
accepted e0ffc45e6b92995f707455de8fffc5cbe90fa1d3f0cec36e50997faaeed4e671
closed e0ffc45e6b92995f707455de8fffc5cbe90fa1d3f0cec36e50997faaeed4e671: closed by peer: done (code 0)
